<html>
<body>
<pre>
<h1>µVision Build Log</h1>
<h2>Tool Versions:</h2>
IDE-Version: µVision V5.37.0.0
Copyright (C) 2022 ARM Ltd and ARM Germany GmbH. All rights reserved.
License Information: Ruben Buysschaert, Vives, LIC=----
 
Tool Versions:
Toolchain:       MDK-Lite  Version: 5.37.0.0
Toolchain Path:  C:\Keil_v5\ARM\ARMCLANG\Bin
C Compiler:      ArmClang.exe V6.18
Assembler:       Armasm.exe V6.18
Linker/Locator:  ArmLink.exe V6.18
Library Manager: ArmAr.exe V6.18
Hex Converter:   FromElf.exe V6.18
CPU DLL:         SARMCM3.DLL V5.37.0.0
Dialog DLL:      DARMCM1.DLL V1.19.6.0
Target DLL:      STLink\ST-LINKIII-KEIL_SWO.dll V3.0.9.0
Dialog DLL:      TARMCM1.DLL V1.14.6.0
 
<h2>Project:</h2>
C:\Rubu\VHTI\Soldeeropleiding\PCB HN\Firmware\STM32G031F8P6 - V2\STM32G031.uvprojx
Project File Date:  09/15/2022

<h2>Output:</h2>
*** Using Compiler 'V6.18', folder: 'C:\Keil_v5\ARM\ARMCLANG\Bin'
Rebuild target 'Target 1'
compiling leds.c...
compiling buttons.c...
compiling main.c...
compiling system_stm32g0xx.c...
assembling startup_stm32g031xx.s...
linking...
Program Size: Code=2176 RO-data=288 RW-data=4 ZI-data=1640  
".\Objects\STM32G031.axf" - 0 Error(s), 0 Warning(s).

<h2>Software Packages used:</h2>

Package Vendor: ARM
                http://www.keil.com/pack/ARM.CMSIS.5.9.0.pack
                ARM.CMSIS.5.9.0
                CMSIS (Common Microcontroller Software Interface Standard)
   * Component: CORE Version: 5.6.0

Package Vendor: Keil
                http://www.keil.com/pack/Keil.STM32G0xx_DFP.1.4.0.pack
                Keil.STM32G0xx_DFP.1.4.0
                STMicroelectronics STM32G0 Series Device Support
   * Component: Startup Version: 1.4.0

<h2>Collection of Component include folders:</h2>
  ./RTE/_Target_1
  C:/Users/Ruben.Buysschaert/AppData/Local/Arm/Packs/ARM/CMSIS/5.9.0/CMSIS/Core/Include
  C:/Users/Ruben.Buysschaert/AppData/Local/Arm/Packs/Keil/STM32G0xx_DFP/1.4.0/Drivers/CMSIS/Device/ST/STM32G0xx/Include

<h2>Collection of Component Files used:</h2>

   * Component: ARM::CMSIS:CORE:5.6.0

   * Component: Keil::Device:Startup:1.4.0
      Source file:   MDK/Device/Source/ARM/STM32G0x1_DB_OPT.s
      Include file:  Drivers/CMSIS/Device/ST/STM32G0xx/Include/stm32g0xx.h
      Source file:   MDK/Device/Source/ARM/STM32G0x1_SB_OPT.s
      Source file:   Drivers/CMSIS/Device/ST/STM32G0xx/Source/Templates/arm/startup_stm32g031xx.s
      Source file:   Drivers/CMSIS/Device/ST/STM32G0xx/Source/Templates/system_stm32g0xx.c
Build Time Elapsed:  00:00:01
</pre>
</body>
</html>
